// Jest Snapshot v1, https://goo.gl/fbAQLP

exports[`<Header/> renders properly 1`] = `
<div
  id="root"
>
  <div
    class="sc-jSgupP jbGKTi"
    width="1"
  >
    <div
      class="sc-jSgupP bqovge"
    >
      <div
        class="sc-eCssSg iEgnZv"
      >
        <div
          class="sc-eCssSg llmfDX"
        >
          <a
            href="/"
          >
            <img
              alt=""
              height="40px"
              src="react-icon.png"
            />
          </a>
          <div
            class="sc-jSgupP kUKtbQ"
            display="none,block"
          >
            <span
              class="sc-fubCfw fbcOuy"
            >
              Free photos for everyone
            </span>
          </div>
        </div>
        <form
          class="sc-bdfBwQ blRnZR"
        >
          <div
            class="sc-jSgupP dpClbs"
            width="100%"
          >
            <div
              class="sc-eCssSg gEYnDz"
            >
              <div
                class="sc-jSgupP dpClbs"
                width="100%"
              >
                <div
                  class="sc-eCssSg kQNaTf"
                >
                  <button
                    class="sc-iBPRYJ fOrFns"
                    data-testid="submitButton"
                  >
                    <div
                      class="sc-pFZIQ eBcLVN"
                    >
                      <div>
                        <div>
                          <div
                            data-src="loupe.svg"
                            src=""
                          />
                        </div>
                      </div>
                    </div>
                  </button>
                  <input
                    class="sc-gsTCUz MakKC"
                    data-testid="searchInput"
                    font-size="3"
                    name="query"
                    placeholder="type text"
                  />
                </div>
              </div>
              <div
                class="sc-jSgupP gzBSgn"
              >
                <button
                  class="sc-iBPRYJ fcYCwJ"
                  data-testid="resetButton"
                  type="reset"
                  visibility="hidden"
                >
                  <div
                    class="sc-pFZIQ eBcLVN"
                  >
                    <div>
                      <div>
                        <div
                          data-src="cancel.svg"
                          src=""
                        />
                      </div>
                    </div>
                  </div>
                </button>
              </div>
            </div>
          </div>
        </form>
      </div>
    </div>
  </div>
</div>
`;
