// Jest Snapshot v1, https://goo.gl/fbAQLP

exports[`<Logo/> renders properly 1`] = `
<div
  id="root"
>
  <div
    class="sc-dlfnbm ebCEzK"
  >
    <a
      href="/"
    >
      <img
        alt=""
        height="40px"
        src="react-icon.png"
      />
    </a>
    <div
      class="sc-hKgILt gsUhK"
      display="none,block"
    >
      <span
        class="sc-gKsewC eifmwT"
      >
        Free photos for everyone
      </span>
    </div>
  </div>
</div>
`;
